------------------------------------------------------------
Timing Analyzer Summary
------------------------------------------------------------

Type  : Slow 1100mV 85C Model Setup 'the_system|acl_iface|acl_kernel_clk|kernel_pll|altera_pll_i|cyclonev_pll|counter[0].output_counter|divclk'
Slack : 0.001
TNS   : 0.000

Type  : Slow 1100mV 85C Model Setup 'system:the_system|system_acl_iface:acl_iface|system_acl_iface_hps:hps|system_acl_iface_hps_hps_io:hps_io|system_acl_iface_hps_hps_io_border:border|hps_sdram:hps_sdram_inst|hps_sdram_pll:pll|afi_clk_write_clk'
Slack : 1.577
TNS   : 0.000

Type  : Slow 1100mV 85C Model Setup 'the_system|acl_iface|pll|altera_pll_i|general[0].gpll~PLL_OUTPUT_COUNTER|divclk'
Slack : 3.270
TNS   : 0.000

Type  : Slow 1100mV 85C Model Setup 'fpga_clk_50'
Slack : 9.042
TNS   : 0.000

Type  : Slow 1100mV 85C Model Hold 'system:the_system|system_acl_iface:acl_iface|system_acl_iface_hps:hps|system_acl_iface_hps_hps_io:hps_io|system_acl_iface_hps_hps_io_border:border|hps_sdram:hps_sdram_inst|hps_sdram_pll:pll|afi_clk_write_clk'
Slack : 0.174
TNS   : 0.000

Type  : Slow 1100mV 85C Model Hold 'the_system|acl_iface|acl_kernel_clk|kernel_pll|altera_pll_i|cyclonev_pll|counter[0].output_counter|divclk'
Slack : 0.323
TNS   : 0.000

Type  : Slow 1100mV 85C Model Hold 'fpga_clk_50'
Slack : 0.348
TNS   : 0.000

Type  : Slow 1100mV 85C Model Hold 'the_system|acl_iface|pll|altera_pll_i|general[0].gpll~PLL_OUTPUT_COUNTER|divclk'
Slack : 0.351
TNS   : 0.000

Type  : Slow 1100mV 85C Model Recovery 'the_system|acl_iface|acl_kernel_clk|kernel_pll|altera_pll_i|cyclonev_pll|counter[0].output_counter|divclk'
Slack : 1.332
TNS   : 0.000

Type  : Slow 1100mV 85C Model Recovery 'system:the_system|system_acl_iface:acl_iface|system_acl_iface_hps:hps|system_acl_iface_hps_hps_io:hps_io|system_acl_iface_hps_hps_io_border:border|hps_sdram:hps_sdram_inst|hps_sdram_pll:pll|afi_clk_write_clk'
Slack : 3.036
TNS   : 0.000

Type  : Slow 1100mV 85C Model Recovery 'the_system|acl_iface|pll|altera_pll_i|general[0].gpll~PLL_OUTPUT_COUNTER|divclk'
Slack : 6.436
TNS   : 0.000

Type  : Slow 1100mV 85C Model Recovery 'fpga_clk_50'
Slack : 14.590
TNS   : 0.000

Type  : Slow 1100mV 85C Model Removal 'system:the_system|system_acl_iface:acl_iface|system_acl_iface_hps:hps|system_acl_iface_hps_hps_io:hps_io|system_acl_iface_hps_hps_io_border:border|hps_sdram:hps_sdram_inst|hps_sdram_pll:pll|afi_clk_write_clk'
Slack : 0.574
TNS   : 0.000

Type  : Slow 1100mV 85C Model Removal 'the_system|acl_iface|pll|altera_pll_i|general[0].gpll~PLL_OUTPUT_COUNTER|divclk'
Slack : 0.657
TNS   : 0.000

Type  : Slow 1100mV 85C Model Removal 'fpga_clk_50'
Slack : 0.674
TNS   : 0.000

Type  : Slow 1100mV 85C Model Removal 'the_system|acl_iface|acl_kernel_clk|kernel_pll|altera_pll_i|cyclonev_pll|counter[0].output_counter|divclk'
Slack : 0.680
TNS   : 0.000

Type  : Slow 1100mV 85C Model Minimum Pulse Width 'system:the_system|system_acl_iface:acl_iface|system_acl_iface_hps:hps|system_acl_iface_hps_hps_io:hps_io|system_acl_iface_hps_hps_io_border:border|hps_sdram:hps_sdram_inst|hps_sdram_pll:pll|pll_write_clk_dq_write_clk'
Slack : 0.523
TNS   : 0.000

Type  : Slow 1100mV 85C Model Minimum Pulse Width 'system:the_system|system_acl_iface:acl_iface|system_acl_iface_hps:hps|system_acl_iface_hps_hps_io:hps_io|system_acl_iface_hps_hps_io_border:border|hps_sdram:hps_sdram_inst|hps_sdram_pll:pll|afi_clk_write_clk'
Slack : 0.540
TNS   : 0.000

Type  : Slow 1100mV 85C Model Minimum Pulse Width 'the_system|acl_iface|acl_kernel_clk|kernel_pll|altera_pll_i|cyclonev_pll|fpll_0|fpll|vcoph[0]'
Slack : 0.892
TNS   : 0.000

Type  : Slow 1100mV 85C Model Minimum Pulse Width 'the_system|acl_iface|pll|altera_pll_i|general[0].gpll~FRACTIONAL_PLL|vcoph[0]'
Slack : 1.666
TNS   : 0.000

Type  : Slow 1100mV 85C Model Minimum Pulse Width 'the_system|acl_iface|acl_kernel_clk|kernel_pll|altera_pll_i|cyclonev_pll|counter[0].output_counter|divclk'
Slack : 2.622
TNS   : 0.000

Type  : Slow 1100mV 85C Model Minimum Pulse Width 'the_system|acl_iface|pll|altera_pll_i|general[0].gpll~PLL_OUTPUT_COUNTER|divclk'
Slack : 3.564
TNS   : 0.000

Type  : Slow 1100mV 85C Model Minimum Pulse Width 'fpga_clk_50'
Slack : 8.826
TNS   : 0.000

Type  : Slow 1100mV 85C Model Minimum Pulse Width 'i2c_scl'
Slack : 149.731
TNS   : 0.000

Type  : Slow 1100mV 0C Model Setup 'the_system|acl_iface|acl_kernel_clk|kernel_pll|altera_pll_i|cyclonev_pll|counter[0].output_counter|divclk'
Slack : 0.277
TNS   : 0.000

Type  : Slow 1100mV 0C Model Setup 'system:the_system|system_acl_iface:acl_iface|system_acl_iface_hps:hps|system_acl_iface_hps_hps_io:hps_io|system_acl_iface_hps_hps_io_border:border|hps_sdram:hps_sdram_inst|hps_sdram_pll:pll|afi_clk_write_clk'
Slack : 1.565
TNS   : 0.000

Type  : Slow 1100mV 0C Model Setup 'the_system|acl_iface|pll|altera_pll_i|general[0].gpll~PLL_OUTPUT_COUNTER|divclk'
Slack : 3.306
TNS   : 0.000

Type  : Slow 1100mV 0C Model Setup 'fpga_clk_50'
Slack : 9.203
TNS   : 0.000

Type  : Slow 1100mV 0C Model Hold 'system:the_system|system_acl_iface:acl_iface|system_acl_iface_hps:hps|system_acl_iface_hps_hps_io:hps_io|system_acl_iface_hps_hps_io_border:border|hps_sdram:hps_sdram_inst|hps_sdram_pll:pll|afi_clk_write_clk'
Slack : 0.200
TNS   : 0.000

Type  : Slow 1100mV 0C Model Hold 'the_system|acl_iface|pll|altera_pll_i|general[0].gpll~PLL_OUTPUT_COUNTER|divclk'
Slack : 0.246
TNS   : 0.000

Type  : Slow 1100mV 0C Model Hold 'the_system|acl_iface|acl_kernel_clk|kernel_pll|altera_pll_i|cyclonev_pll|counter[0].output_counter|divclk'
Slack : 0.289
TNS   : 0.000

Type  : Slow 1100mV 0C Model Hold 'fpga_clk_50'
Slack : 0.335
TNS   : 0.000

Type  : Slow 1100mV 0C Model Recovery 'the_system|acl_iface|acl_kernel_clk|kernel_pll|altera_pll_i|cyclonev_pll|counter[0].output_counter|divclk'
Slack : 1.275
TNS   : 0.000

Type  : Slow 1100mV 0C Model Recovery 'system:the_system|system_acl_iface:acl_iface|system_acl_iface_hps:hps|system_acl_iface_hps_hps_io:hps_io|system_acl_iface_hps_hps_io_border:border|hps_sdram:hps_sdram_inst|hps_sdram_pll:pll|afi_clk_write_clk'
Slack : 3.128
TNS   : 0.000

Type  : Slow 1100mV 0C Model Recovery 'the_system|acl_iface|pll|altera_pll_i|general[0].gpll~PLL_OUTPUT_COUNTER|divclk'
Slack : 6.640
TNS   : 0.000

Type  : Slow 1100mV 0C Model Recovery 'fpga_clk_50'
Slack : 14.806
TNS   : 0.000

Type  : Slow 1100mV 0C Model Removal 'the_system|acl_iface|pll|altera_pll_i|general[0].gpll~PLL_OUTPUT_COUNTER|divclk'
Slack : 0.529
TNS   : 0.000

Type  : Slow 1100mV 0C Model Removal 'system:the_system|system_acl_iface:acl_iface|system_acl_iface_hps:hps|system_acl_iface_hps_hps_io:hps_io|system_acl_iface_hps_hps_io_border:border|hps_sdram:hps_sdram_inst|hps_sdram_pll:pll|afi_clk_write_clk'
Slack : 0.569
TNS   : 0.000

Type  : Slow 1100mV 0C Model Removal 'the_system|acl_iface|acl_kernel_clk|kernel_pll|altera_pll_i|cyclonev_pll|counter[0].output_counter|divclk'
Slack : 0.627
TNS   : 0.000

Type  : Slow 1100mV 0C Model Removal 'fpga_clk_50'
Slack : 0.634
TNS   : 0.000

Type  : Slow 1100mV 0C Model Minimum Pulse Width 'system:the_system|system_acl_iface:acl_iface|system_acl_iface_hps:hps|system_acl_iface_hps_hps_io:hps_io|system_acl_iface_hps_hps_io_border:border|hps_sdram:hps_sdram_inst|hps_sdram_pll:pll|pll_write_clk_dq_write_clk'
Slack : 0.527
TNS   : 0.000

Type  : Slow 1100mV 0C Model Minimum Pulse Width 'system:the_system|system_acl_iface:acl_iface|system_acl_iface_hps:hps|system_acl_iface_hps_hps_io:hps_io|system_acl_iface_hps_hps_io_border:border|hps_sdram:hps_sdram_inst|hps_sdram_pll:pll|afi_clk_write_clk'
Slack : 0.547
TNS   : 0.000

Type  : Slow 1100mV 0C Model Minimum Pulse Width 'the_system|acl_iface|acl_kernel_clk|kernel_pll|altera_pll_i|cyclonev_pll|fpll_0|fpll|vcoph[0]'
Slack : 0.892
TNS   : 0.000

Type  : Slow 1100mV 0C Model Minimum Pulse Width 'the_system|acl_iface|pll|altera_pll_i|general[0].gpll~FRACTIONAL_PLL|vcoph[0]'
Slack : 1.666
TNS   : 0.000

Type  : Slow 1100mV 0C Model Minimum Pulse Width 'the_system|acl_iface|acl_kernel_clk|kernel_pll|altera_pll_i|cyclonev_pll|counter[0].output_counter|divclk'
Slack : 2.604
TNS   : 0.000

Type  : Slow 1100mV 0C Model Minimum Pulse Width 'the_system|acl_iface|pll|altera_pll_i|general[0].gpll~PLL_OUTPUT_COUNTER|divclk'
Slack : 3.549
TNS   : 0.000

Type  : Slow 1100mV 0C Model Minimum Pulse Width 'fpga_clk_50'
Slack : 8.825
TNS   : 0.000

Type  : Slow 1100mV 0C Model Minimum Pulse Width 'i2c_scl'
Slack : 149.741
TNS   : 0.000

Type  : Fast 1100mV 85C Model Setup 'system:the_system|system_acl_iface:acl_iface|system_acl_iface_hps:hps|system_acl_iface_hps_hps_io:hps_io|system_acl_iface_hps_hps_io_border:border|hps_sdram:hps_sdram_inst|hps_sdram_pll:pll|afi_clk_write_clk'
Slack : 2.110
TNS   : 0.000

Type  : Fast 1100mV 85C Model Setup 'the_system|acl_iface|acl_kernel_clk|kernel_pll|altera_pll_i|cyclonev_pll|counter[0].output_counter|divclk'
Slack : 3.508
TNS   : 0.000

Type  : Fast 1100mV 85C Model Setup 'the_system|acl_iface|pll|altera_pll_i|general[0].gpll~PLL_OUTPUT_COUNTER|divclk'
Slack : 6.247
TNS   : 0.000

Type  : Fast 1100mV 85C Model Setup 'fpga_clk_50'
Slack : 14.053
TNS   : 0.000

Type  : Fast 1100mV 85C Model Hold 'system:the_system|system_acl_iface:acl_iface|system_acl_iface_hps:hps|system_acl_iface_hps_hps_io:hps_io|system_acl_iface_hps_hps_io_border:border|hps_sdram:hps_sdram_inst|hps_sdram_pll:pll|afi_clk_write_clk'
Slack : 0.084
TNS   : 0.000

Type  : Fast 1100mV 85C Model Hold 'fpga_clk_50'
Slack : 0.162
TNS   : 0.000

Type  : Fast 1100mV 85C Model Hold 'the_system|acl_iface|acl_kernel_clk|kernel_pll|altera_pll_i|cyclonev_pll|counter[0].output_counter|divclk'
Slack : 0.164
TNS   : 0.000

Type  : Fast 1100mV 85C Model Hold 'the_system|acl_iface|pll|altera_pll_i|general[0].gpll~PLL_OUTPUT_COUNTER|divclk'
Slack : 0.176
TNS   : 0.000

Type  : Fast 1100mV 85C Model Recovery 'system:the_system|system_acl_iface:acl_iface|system_acl_iface_hps:hps|system_acl_iface_hps_hps_io:hps_io|system_acl_iface_hps_hps_io_border:border|hps_sdram:hps_sdram_inst|hps_sdram_pll:pll|afi_clk_write_clk'
Slack : 3.727
TNS   : 0.000

Type  : Fast 1100mV 85C Model Recovery 'the_system|acl_iface|acl_kernel_clk|kernel_pll|altera_pll_i|cyclonev_pll|counter[0].output_counter|divclk'
Slack : 4.878
TNS   : 0.000

Type  : Fast 1100mV 85C Model Recovery 'the_system|acl_iface|pll|altera_pll_i|general[0].gpll~PLL_OUTPUT_COUNTER|divclk'
Slack : 7.884
TNS   : 0.000

Type  : Fast 1100mV 85C Model Recovery 'fpga_clk_50'
Slack : 16.890
TNS   : 0.000

Type  : Fast 1100mV 85C Model Removal 'fpga_clk_50'
Slack : 0.295
TNS   : 0.000

Type  : Fast 1100mV 85C Model Removal 'the_system|acl_iface|acl_kernel_clk|kernel_pll|altera_pll_i|cyclonev_pll|counter[0].output_counter|divclk'
Slack : 0.295
TNS   : 0.000

Type  : Fast 1100mV 85C Model Removal 'the_system|acl_iface|pll|altera_pll_i|general[0].gpll~PLL_OUTPUT_COUNTER|divclk'
Slack : 0.359
TNS   : 0.000

Type  : Fast 1100mV 85C Model Removal 'system:the_system|system_acl_iface:acl_iface|system_acl_iface_hps:hps|system_acl_iface_hps_hps_io:hps_io|system_acl_iface_hps_hps_io_border:border|hps_sdram:hps_sdram_inst|hps_sdram_pll:pll|afi_clk_write_clk'
Slack : 0.497
TNS   : 0.000

Type  : Fast 1100mV 85C Model Minimum Pulse Width 'system:the_system|system_acl_iface:acl_iface|system_acl_iface_hps:hps|system_acl_iface_hps_hps_io:hps_io|system_acl_iface_hps_hps_io_border:border|hps_sdram:hps_sdram_inst|hps_sdram_pll:pll|pll_write_clk_dq_write_clk'
Slack : 0.883
TNS   : 0.000

Type  : Fast 1100mV 85C Model Minimum Pulse Width 'system:the_system|system_acl_iface:acl_iface|system_acl_iface_hps:hps|system_acl_iface_hps_hps_io:hps_io|system_acl_iface_hps_hps_io_border:border|hps_sdram:hps_sdram_inst|hps_sdram_pll:pll|afi_clk_write_clk'
Slack : 0.891
TNS   : 0.000

Type  : Fast 1100mV 85C Model Minimum Pulse Width 'the_system|acl_iface|acl_kernel_clk|kernel_pll|altera_pll_i|cyclonev_pll|fpll_0|fpll|vcoph[0]'
Slack : 0.892
TNS   : 0.000

Type  : Fast 1100mV 85C Model Minimum Pulse Width 'the_system|acl_iface|pll|altera_pll_i|general[0].gpll~FRACTIONAL_PLL|vcoph[0]'
Slack : 1.666
TNS   : 0.000

Type  : Fast 1100mV 85C Model Minimum Pulse Width 'the_system|acl_iface|acl_kernel_clk|kernel_pll|altera_pll_i|cyclonev_pll|counter[0].output_counter|divclk'
Slack : 2.937
TNS   : 0.000

Type  : Fast 1100mV 85C Model Minimum Pulse Width 'the_system|acl_iface|pll|altera_pll_i|general[0].gpll~PLL_OUTPUT_COUNTER|divclk'
Slack : 3.881
TNS   : 0.000

Type  : Fast 1100mV 85C Model Minimum Pulse Width 'fpga_clk_50'
Slack : 8.481
TNS   : 0.000

Type  : Fast 1100mV 85C Model Minimum Pulse Width 'i2c_scl'
Slack : 149.336
TNS   : 0.000

Type  : Fast 1100mV 0C Model Setup 'system:the_system|system_acl_iface:acl_iface|system_acl_iface_hps:hps|system_acl_iface_hps_hps_io:hps_io|system_acl_iface_hps_hps_io_border:border|hps_sdram:hps_sdram_inst|hps_sdram_pll:pll|afi_clk_write_clk'
Slack : 2.110
TNS   : 0.000

Type  : Fast 1100mV 0C Model Setup 'the_system|acl_iface|acl_kernel_clk|kernel_pll|altera_pll_i|cyclonev_pll|counter[0].output_counter|divclk'
Slack : 3.997
TNS   : 0.000

Type  : Fast 1100mV 0C Model Setup 'the_system|acl_iface|pll|altera_pll_i|general[0].gpll~PLL_OUTPUT_COUNTER|divclk'
Slack : 6.576
TNS   : 0.000

Type  : Fast 1100mV 0C Model Setup 'fpga_clk_50'
Slack : 14.651
TNS   : 0.000

Type  : Fast 1100mV 0C Model Hold 'system:the_system|system_acl_iface:acl_iface|system_acl_iface_hps:hps|system_acl_iface_hps_hps_io:hps_io|system_acl_iface_hps_hps_io_border:border|hps_sdram:hps_sdram_inst|hps_sdram_pll:pll|afi_clk_write_clk'
Slack : 0.077
TNS   : 0.000

Type  : Fast 1100mV 0C Model Hold 'the_system|acl_iface|acl_kernel_clk|kernel_pll|altera_pll_i|cyclonev_pll|counter[0].output_counter|divclk'
Slack : 0.126
TNS   : 0.000

Type  : Fast 1100mV 0C Model Hold 'fpga_clk_50'
Slack : 0.136
TNS   : 0.000

Type  : Fast 1100mV 0C Model Hold 'the_system|acl_iface|pll|altera_pll_i|general[0].gpll~PLL_OUTPUT_COUNTER|divclk'
Slack : 0.163
TNS   : 0.000

Type  : Fast 1100mV 0C Model Recovery 'system:the_system|system_acl_iface:acl_iface|system_acl_iface_hps:hps|system_acl_iface_hps_hps_io:hps_io|system_acl_iface_hps_hps_io_border:border|hps_sdram:hps_sdram_inst|hps_sdram_pll:pll|afi_clk_write_clk'
Slack : 3.825
TNS   : 0.000

Type  : Fast 1100mV 0C Model Recovery 'the_system|acl_iface|acl_kernel_clk|kernel_pll|altera_pll_i|cyclonev_pll|counter[0].output_counter|divclk'
Slack : 4.932
TNS   : 0.000

Type  : Fast 1100mV 0C Model Recovery 'the_system|acl_iface|pll|altera_pll_i|general[0].gpll~PLL_OUTPUT_COUNTER|divclk'
Slack : 8.141
TNS   : 0.000

Type  : Fast 1100mV 0C Model Recovery 'fpga_clk_50'
Slack : 17.266
TNS   : 0.000

Type  : Fast 1100mV 0C Model Removal 'fpga_clk_50'
Slack : 0.265
TNS   : 0.000

Type  : Fast 1100mV 0C Model Removal 'the_system|acl_iface|acl_kernel_clk|kernel_pll|altera_pll_i|cyclonev_pll|counter[0].output_counter|divclk'
Slack : 0.267
TNS   : 0.000

Type  : Fast 1100mV 0C Model Removal 'the_system|acl_iface|pll|altera_pll_i|general[0].gpll~PLL_OUTPUT_COUNTER|divclk'
Slack : 0.271
TNS   : 0.000

Type  : Fast 1100mV 0C Model Removal 'system:the_system|system_acl_iface:acl_iface|system_acl_iface_hps:hps|system_acl_iface_hps_hps_io:hps_io|system_acl_iface_hps_hps_io_border:border|hps_sdram:hps_sdram_inst|hps_sdram_pll:pll|afi_clk_write_clk'
Slack : 0.473
TNS   : 0.000

Type  : Fast 1100mV 0C Model Minimum Pulse Width 'system:the_system|system_acl_iface:acl_iface|system_acl_iface_hps:hps|system_acl_iface_hps_hps_io:hps_io|system_acl_iface_hps_hps_io_border:border|hps_sdram:hps_sdram_inst|hps_sdram_pll:pll|pll_write_clk_dq_write_clk'
Slack : 0.887
TNS   : 0.000

Type  : Fast 1100mV 0C Model Minimum Pulse Width 'the_system|acl_iface|acl_kernel_clk|kernel_pll|altera_pll_i|cyclonev_pll|fpll_0|fpll|vcoph[0]'
Slack : 0.892
TNS   : 0.000

Type  : Fast 1100mV 0C Model Minimum Pulse Width 'system:the_system|system_acl_iface:acl_iface|system_acl_iface_hps:hps|system_acl_iface_hps_hps_io:hps_io|system_acl_iface_hps_hps_io_border:border|hps_sdram:hps_sdram_inst|hps_sdram_pll:pll|afi_clk_write_clk'
Slack : 0.894
TNS   : 0.000

Type  : Fast 1100mV 0C Model Minimum Pulse Width 'the_system|acl_iface|pll|altera_pll_i|general[0].gpll~FRACTIONAL_PLL|vcoph[0]'
Slack : 1.666
TNS   : 0.000

Type  : Fast 1100mV 0C Model Minimum Pulse Width 'the_system|acl_iface|acl_kernel_clk|kernel_pll|altera_pll_i|cyclonev_pll|counter[0].output_counter|divclk'
Slack : 2.940
TNS   : 0.000

Type  : Fast 1100mV 0C Model Minimum Pulse Width 'the_system|acl_iface|pll|altera_pll_i|general[0].gpll~PLL_OUTPUT_COUNTER|divclk'
Slack : 3.883
TNS   : 0.000

Type  : Fast 1100mV 0C Model Minimum Pulse Width 'fpga_clk_50'
Slack : 8.433
TNS   : 0.000

Type  : Fast 1100mV 0C Model Minimum Pulse Width 'i2c_scl'
Slack : 149.286
TNS   : 0.000

------------------------------------------------------------
Info: see the "DDR report" for DDR timing results
------------------------------------------------------------
------------------------------------------------------------
