------------------------------------------------------------
Timing Analyzer Summary
------------------------------------------------------------

Type  : Slow 1100mV 85C Model Setup 'the_system|acl_iface|acl_kernel_clk|kernel_pll|altera_pll_i|cyclonev_pll|counter[0].output_counter|divclk'
Slack : 0.068
TNS   : 0.000

Type  : Slow 1100mV 85C Model Setup 'the_system|acl_iface|acl_kernel_clk|kernel_pll|altera_pll_i|cyclonev_pll|counter[1].output_counter|divclk'
Slack : 0.803
TNS   : 0.000

Type  : Slow 1100mV 85C Model Setup 'system:the_system|system_acl_iface:acl_iface|system_acl_iface_hps:hps|system_acl_iface_hps_hps_io:hps_io|system_acl_iface_hps_hps_io_border:border|hps_sdram:hps_sdram_inst|hps_sdram_pll:pll|afi_clk_write_clk'
Slack : 1.577
TNS   : 0.000

Type  : Slow 1100mV 85C Model Setup 'the_system|acl_iface|pll|altera_pll_i|general[0].gpll~PLL_OUTPUT_COUNTER|divclk'
Slack : 2.926
TNS   : 0.000

Type  : Slow 1100mV 85C Model Setup 'fpga_clk_50'
Slack : 10.266
TNS   : 0.000

Type  : Slow 1100mV 85C Model Hold 'system:the_system|system_acl_iface:acl_iface|system_acl_iface_hps:hps|system_acl_iface_hps_hps_io:hps_io|system_acl_iface_hps_hps_io_border:border|hps_sdram:hps_sdram_inst|hps_sdram_pll:pll|afi_clk_write_clk'
Slack : 0.174
TNS   : 0.000

Type  : Slow 1100mV 85C Model Hold 'the_system|acl_iface|acl_kernel_clk|kernel_pll|altera_pll_i|cyclonev_pll|counter[0].output_counter|divclk'
Slack : 0.309
TNS   : 0.000

Type  : Slow 1100mV 85C Model Hold 'the_system|acl_iface|pll|altera_pll_i|general[0].gpll~PLL_OUTPUT_COUNTER|divclk'
Slack : 0.355
TNS   : 0.000

Type  : Slow 1100mV 85C Model Hold 'the_system|acl_iface|acl_kernel_clk|kernel_pll|altera_pll_i|cyclonev_pll|counter[1].output_counter|divclk'
Slack : 0.364
TNS   : 0.000

Type  : Slow 1100mV 85C Model Hold 'fpga_clk_50'
Slack : 0.374
TNS   : 0.000

Type  : Slow 1100mV 85C Model Recovery 'the_system|acl_iface|acl_kernel_clk|kernel_pll|altera_pll_i|cyclonev_pll|counter[0].output_counter|divclk'
Slack : 1.635
TNS   : 0.000

Type  : Slow 1100mV 85C Model Recovery 'system:the_system|system_acl_iface:acl_iface|system_acl_iface_hps:hps|system_acl_iface_hps_hps_io:hps_io|system_acl_iface_hps_hps_io_border:border|hps_sdram:hps_sdram_inst|hps_sdram_pll:pll|afi_clk_write_clk'
Slack : 3.036
TNS   : 0.000

Type  : Slow 1100mV 85C Model Recovery 'the_system|acl_iface|pll|altera_pll_i|general[0].gpll~PLL_OUTPUT_COUNTER|divclk'
Slack : 6.526
TNS   : 0.000

Type  : Slow 1100mV 85C Model Recovery 'fpga_clk_50'
Slack : 14.063
TNS   : 0.000

Type  : Slow 1100mV 85C Model Removal 'system:the_system|system_acl_iface:acl_iface|system_acl_iface_hps:hps|system_acl_iface_hps_hps_io:hps_io|system_acl_iface_hps_hps_io_border:border|hps_sdram:hps_sdram_inst|hps_sdram_pll:pll|afi_clk_write_clk'
Slack : 0.574
TNS   : 0.000

Type  : Slow 1100mV 85C Model Removal 'fpga_clk_50'
Slack : 0.662
TNS   : 0.000

Type  : Slow 1100mV 85C Model Removal 'the_system|acl_iface|pll|altera_pll_i|general[0].gpll~PLL_OUTPUT_COUNTER|divclk'
Slack : 0.671
TNS   : 0.000

Type  : Slow 1100mV 85C Model Removal 'the_system|acl_iface|acl_kernel_clk|kernel_pll|altera_pll_i|cyclonev_pll|counter[0].output_counter|divclk'
Slack : 0.792
TNS   : 0.000

Type  : Slow 1100mV 85C Model Minimum Pulse Width 'system:the_system|system_acl_iface:acl_iface|system_acl_iface_hps:hps|system_acl_iface_hps_hps_io:hps_io|system_acl_iface_hps_hps_io_border:border|hps_sdram:hps_sdram_inst|hps_sdram_pll:pll|pll_write_clk_dq_write_clk'
Slack : 0.523
TNS   : 0.000

Type  : Slow 1100mV 85C Model Minimum Pulse Width 'system:the_system|system_acl_iface:acl_iface|system_acl_iface_hps:hps|system_acl_iface_hps_hps_io:hps_io|system_acl_iface_hps_hps_io_border:border|hps_sdram:hps_sdram_inst|hps_sdram_pll:pll|afi_clk_write_clk'
Slack : 0.540
TNS   : 0.000

Type  : Slow 1100mV 85C Model Minimum Pulse Width 'the_system|acl_iface|acl_kernel_clk|kernel_pll|altera_pll_i|cyclonev_pll|counter[1].output_counter|divclk'
Slack : 0.588
TNS   : 0.000

Type  : Slow 1100mV 85C Model Minimum Pulse Width 'the_system|acl_iface|acl_kernel_clk|kernel_pll|altera_pll_i|cyclonev_pll|fpll_0|fpll|vcoph[0]'
Slack : 0.892
TNS   : 0.000

Type  : Slow 1100mV 85C Model Minimum Pulse Width 'the_system|acl_iface|pll|altera_pll_i|general[0].gpll~FRACTIONAL_PLL|vcoph[0]'
Slack : 1.666
TNS   : 0.000

Type  : Slow 1100mV 85C Model Minimum Pulse Width 'the_system|acl_iface|acl_kernel_clk|kernel_pll|altera_pll_i|cyclonev_pll|counter[0].output_counter|divclk'
Slack : 2.790
TNS   : 0.000

Type  : Slow 1100mV 85C Model Minimum Pulse Width 'the_system|acl_iface|pll|altera_pll_i|general[0].gpll~PLL_OUTPUT_COUNTER|divclk'
Slack : 3.564
TNS   : 0.000

Type  : Slow 1100mV 85C Model Minimum Pulse Width 'fpga_clk_50'
Slack : 8.826
TNS   : 0.000

Type  : Slow 1100mV 85C Model Minimum Pulse Width 'i2c_scl'
Slack : 149.731
TNS   : 0.000

Type  : Slow 1100mV 0C Model Setup 'the_system|acl_iface|acl_kernel_clk|kernel_pll|altera_pll_i|cyclonev_pll|counter[0].output_counter|divclk'
Slack : 0.002
TNS   : 0.000

Type  : Slow 1100mV 0C Model Setup 'the_system|acl_iface|acl_kernel_clk|kernel_pll|altera_pll_i|cyclonev_pll|counter[1].output_counter|divclk'
Slack : 0.900
TNS   : 0.000

Type  : Slow 1100mV 0C Model Setup 'system:the_system|system_acl_iface:acl_iface|system_acl_iface_hps:hps|system_acl_iface_hps_hps_io:hps_io|system_acl_iface_hps_hps_io_border:border|hps_sdram:hps_sdram_inst|hps_sdram_pll:pll|afi_clk_write_clk'
Slack : 1.565
TNS   : 0.000

Type  : Slow 1100mV 0C Model Setup 'the_system|acl_iface|pll|altera_pll_i|general[0].gpll~PLL_OUTPUT_COUNTER|divclk'
Slack : 3.130
TNS   : 0.000

Type  : Slow 1100mV 0C Model Setup 'fpga_clk_50'
Slack : 10.580
TNS   : 0.000

Type  : Slow 1100mV 0C Model Hold 'system:the_system|system_acl_iface:acl_iface|system_acl_iface_hps:hps|system_acl_iface_hps_hps_io:hps_io|system_acl_iface_hps_hps_io_border:border|hps_sdram:hps_sdram_inst|hps_sdram_pll:pll|afi_clk_write_clk'
Slack : 0.200
TNS   : 0.000

Type  : Slow 1100mV 0C Model Hold 'the_system|acl_iface|pll|altera_pll_i|general[0].gpll~PLL_OUTPUT_COUNTER|divclk'
Slack : 0.255
TNS   : 0.000

Type  : Slow 1100mV 0C Model Hold 'the_system|acl_iface|acl_kernel_clk|kernel_pll|altera_pll_i|cyclonev_pll|counter[0].output_counter|divclk'
Slack : 0.286
TNS   : 0.000

Type  : Slow 1100mV 0C Model Hold 'the_system|acl_iface|acl_kernel_clk|kernel_pll|altera_pll_i|cyclonev_pll|counter[1].output_counter|divclk'
Slack : 0.353
TNS   : 0.000

Type  : Slow 1100mV 0C Model Hold 'fpga_clk_50'
Slack : 0.364
TNS   : 0.000

Type  : Slow 1100mV 0C Model Recovery 'the_system|acl_iface|acl_kernel_clk|kernel_pll|altera_pll_i|cyclonev_pll|counter[0].output_counter|divclk'
Slack : 1.587
TNS   : 0.000

Type  : Slow 1100mV 0C Model Recovery 'system:the_system|system_acl_iface:acl_iface|system_acl_iface_hps:hps|system_acl_iface_hps_hps_io:hps_io|system_acl_iface_hps_hps_io_border:border|hps_sdram:hps_sdram_inst|hps_sdram_pll:pll|afi_clk_write_clk'
Slack : 3.128
TNS   : 0.000

Type  : Slow 1100mV 0C Model Recovery 'the_system|acl_iface|pll|altera_pll_i|general[0].gpll~PLL_OUTPUT_COUNTER|divclk'
Slack : 6.659
TNS   : 0.000

Type  : Slow 1100mV 0C Model Recovery 'fpga_clk_50'
Slack : 14.317
TNS   : 0.000

Type  : Slow 1100mV 0C Model Removal 'the_system|acl_iface|pll|altera_pll_i|general[0].gpll~PLL_OUTPUT_COUNTER|divclk'
Slack : 0.543
TNS   : 0.000

Type  : Slow 1100mV 0C Model Removal 'system:the_system|system_acl_iface:acl_iface|system_acl_iface_hps:hps|system_acl_iface_hps_hps_io:hps_io|system_acl_iface_hps_hps_io_border:border|hps_sdram:hps_sdram_inst|hps_sdram_pll:pll|afi_clk_write_clk'
Slack : 0.569
TNS   : 0.000

Type  : Slow 1100mV 0C Model Removal 'fpga_clk_50'
Slack : 0.630
TNS   : 0.000

Type  : Slow 1100mV 0C Model Removal 'the_system|acl_iface|acl_kernel_clk|kernel_pll|altera_pll_i|cyclonev_pll|counter[0].output_counter|divclk'
Slack : 0.723
TNS   : 0.000

Type  : Slow 1100mV 0C Model Minimum Pulse Width 'system:the_system|system_acl_iface:acl_iface|system_acl_iface_hps:hps|system_acl_iface_hps_hps_io:hps_io|system_acl_iface_hps_hps_io_border:border|hps_sdram:hps_sdram_inst|hps_sdram_pll:pll|pll_write_clk_dq_write_clk'
Slack : 0.527
TNS   : 0.000

Type  : Slow 1100mV 0C Model Minimum Pulse Width 'system:the_system|system_acl_iface:acl_iface|system_acl_iface_hps:hps|system_acl_iface_hps_hps_io:hps_io|system_acl_iface_hps_hps_io_border:border|hps_sdram:hps_sdram_inst|hps_sdram_pll:pll|afi_clk_write_clk'
Slack : 0.547
TNS   : 0.000

Type  : Slow 1100mV 0C Model Minimum Pulse Width 'the_system|acl_iface|acl_kernel_clk|kernel_pll|altera_pll_i|cyclonev_pll|counter[1].output_counter|divclk'
Slack : 0.588
TNS   : 0.000

Type  : Slow 1100mV 0C Model Minimum Pulse Width 'the_system|acl_iface|acl_kernel_clk|kernel_pll|altera_pll_i|cyclonev_pll|fpll_0|fpll|vcoph[0]'
Slack : 0.892
TNS   : 0.000

Type  : Slow 1100mV 0C Model Minimum Pulse Width 'the_system|acl_iface|pll|altera_pll_i|general[0].gpll~FRACTIONAL_PLL|vcoph[0]'
Slack : 1.666
TNS   : 0.000

Type  : Slow 1100mV 0C Model Minimum Pulse Width 'the_system|acl_iface|acl_kernel_clk|kernel_pll|altera_pll_i|cyclonev_pll|counter[0].output_counter|divclk'
Slack : 2.776
TNS   : 0.000

Type  : Slow 1100mV 0C Model Minimum Pulse Width 'the_system|acl_iface|pll|altera_pll_i|general[0].gpll~PLL_OUTPUT_COUNTER|divclk'
Slack : 3.551
TNS   : 0.000

Type  : Slow 1100mV 0C Model Minimum Pulse Width 'fpga_clk_50'
Slack : 8.825
TNS   : 0.000

Type  : Slow 1100mV 0C Model Minimum Pulse Width 'i2c_scl'
Slack : 149.741
TNS   : 0.000

Type  : Fast 1100mV 85C Model Setup 'system:the_system|system_acl_iface:acl_iface|system_acl_iface_hps:hps|system_acl_iface_hps_hps_io:hps_io|system_acl_iface_hps_hps_io_border:border|hps_sdram:hps_sdram_inst|hps_sdram_pll:pll|afi_clk_write_clk'
Slack : 2.110
TNS   : 0.000

Type  : Fast 1100mV 85C Model Setup 'the_system|acl_iface|acl_kernel_clk|kernel_pll|altera_pll_i|cyclonev_pll|counter[1].output_counter|divclk'
Slack : 2.254
TNS   : 0.000

Type  : Fast 1100mV 85C Model Setup 'the_system|acl_iface|acl_kernel_clk|kernel_pll|altera_pll_i|cyclonev_pll|counter[0].output_counter|divclk'
Slack : 2.279
TNS   : 0.000

Type  : Fast 1100mV 85C Model Setup 'the_system|acl_iface|pll|altera_pll_i|general[0].gpll~PLL_OUTPUT_COUNTER|divclk'
Slack : 6.232
TNS   : 0.000

Type  : Fast 1100mV 85C Model Setup 'fpga_clk_50'
Slack : 14.582
TNS   : 0.000

Type  : Fast 1100mV 85C Model Hold 'system:the_system|system_acl_iface:acl_iface|system_acl_iface_hps:hps|system_acl_iface_hps_hps_io:hps_io|system_acl_iface_hps_hps_io_border:border|hps_sdram:hps_sdram_inst|hps_sdram_pll:pll|afi_clk_write_clk'
Slack : 0.084
TNS   : 0.000

Type  : Fast 1100mV 85C Model Hold 'the_system|acl_iface|acl_kernel_clk|kernel_pll|altera_pll_i|cyclonev_pll|counter[0].output_counter|divclk'
Slack : 0.157
TNS   : 0.000

Type  : Fast 1100mV 85C Model Hold 'fpga_clk_50'
Slack : 0.176
TNS   : 0.000

Type  : Fast 1100mV 85C Model Hold 'the_system|acl_iface|pll|altera_pll_i|general[0].gpll~PLL_OUTPUT_COUNTER|divclk'
Slack : 0.176
TNS   : 0.000

Type  : Fast 1100mV 85C Model Hold 'the_system|acl_iface|acl_kernel_clk|kernel_pll|altera_pll_i|cyclonev_pll|counter[1].output_counter|divclk'
Slack : 0.186
TNS   : 0.000

Type  : Fast 1100mV 85C Model Recovery 'system:the_system|system_acl_iface:acl_iface|system_acl_iface_hps:hps|system_acl_iface_hps_hps_io:hps_io|system_acl_iface_hps_hps_io_border:border|hps_sdram:hps_sdram_inst|hps_sdram_pll:pll|afi_clk_write_clk'
Slack : 3.727
TNS   : 0.000

Type  : Fast 1100mV 85C Model Recovery 'the_system|acl_iface|acl_kernel_clk|kernel_pll|altera_pll_i|cyclonev_pll|counter[0].output_counter|divclk'
Slack : 5.193
TNS   : 0.000

Type  : Fast 1100mV 85C Model Recovery 'the_system|acl_iface|pll|altera_pll_i|general[0].gpll~PLL_OUTPUT_COUNTER|divclk'
Slack : 8.081
TNS   : 0.000

Type  : Fast 1100mV 85C Model Recovery 'fpga_clk_50'
Slack : 16.439
TNS   : 0.000

Type  : Fast 1100mV 85C Model Removal 'fpga_clk_50'
Slack : 0.295
TNS   : 0.000

Type  : Fast 1100mV 85C Model Removal 'the_system|acl_iface|pll|altera_pll_i|general[0].gpll~PLL_OUTPUT_COUNTER|divclk'
Slack : 0.369
TNS   : 0.000

Type  : Fast 1100mV 85C Model Removal 'the_system|acl_iface|acl_kernel_clk|kernel_pll|altera_pll_i|cyclonev_pll|counter[0].output_counter|divclk'
Slack : 0.383
TNS   : 0.000

Type  : Fast 1100mV 85C Model Removal 'system:the_system|system_acl_iface:acl_iface|system_acl_iface_hps:hps|system_acl_iface_hps_hps_io:hps_io|system_acl_iface_hps_hps_io_border:border|hps_sdram:hps_sdram_inst|hps_sdram_pll:pll|afi_clk_write_clk'
Slack : 0.497
TNS   : 0.000

Type  : Fast 1100mV 85C Model Minimum Pulse Width 'system:the_system|system_acl_iface:acl_iface|system_acl_iface_hps:hps|system_acl_iface_hps_hps_io:hps_io|system_acl_iface_hps_hps_io_border:border|hps_sdram:hps_sdram_inst|hps_sdram_pll:pll|pll_write_clk_dq_write_clk'
Slack : 0.883
TNS   : 0.000

Type  : Fast 1100mV 85C Model Minimum Pulse Width 'system:the_system|system_acl_iface:acl_iface|system_acl_iface_hps:hps|system_acl_iface_hps_hps_io:hps_io|system_acl_iface_hps_hps_io_border:border|hps_sdram:hps_sdram_inst|hps_sdram_pll:pll|afi_clk_write_clk'
Slack : 0.891
TNS   : 0.000

Type  : Fast 1100mV 85C Model Minimum Pulse Width 'the_system|acl_iface|acl_kernel_clk|kernel_pll|altera_pll_i|cyclonev_pll|fpll_0|fpll|vcoph[0]'
Slack : 0.892
TNS   : 0.000

Type  : Fast 1100mV 85C Model Minimum Pulse Width 'the_system|acl_iface|acl_kernel_clk|kernel_pll|altera_pll_i|cyclonev_pll|counter[1].output_counter|divclk'
Slack : 0.998
TNS   : 0.000

Type  : Fast 1100mV 85C Model Minimum Pulse Width 'the_system|acl_iface|pll|altera_pll_i|general[0].gpll~FRACTIONAL_PLL|vcoph[0]'
Slack : 1.666
TNS   : 0.000

Type  : Fast 1100mV 85C Model Minimum Pulse Width 'the_system|acl_iface|acl_kernel_clk|kernel_pll|altera_pll_i|cyclonev_pll|counter[0].output_counter|divclk'
Slack : 3.100
TNS   : 0.000

Type  : Fast 1100mV 85C Model Minimum Pulse Width 'the_system|acl_iface|pll|altera_pll_i|general[0].gpll~PLL_OUTPUT_COUNTER|divclk'
Slack : 3.881
TNS   : 0.000

Type  : Fast 1100mV 85C Model Minimum Pulse Width 'fpga_clk_50'
Slack : 8.481
TNS   : 0.000

Type  : Fast 1100mV 85C Model Minimum Pulse Width 'i2c_scl'
Slack : 149.336
TNS   : 0.000

Type  : Fast 1100mV 0C Model Setup 'system:the_system|system_acl_iface:acl_iface|system_acl_iface_hps:hps|system_acl_iface_hps_hps_io:hps_io|system_acl_iface_hps_hps_io_border:border|hps_sdram:hps_sdram_inst|hps_sdram_pll:pll|afi_clk_write_clk'
Slack : 2.110
TNS   : 0.000

Type  : Fast 1100mV 0C Model Setup 'the_system|acl_iface|acl_kernel_clk|kernel_pll|altera_pll_i|cyclonev_pll|counter[1].output_counter|divclk'
Slack : 2.435
TNS   : 0.000

Type  : Fast 1100mV 0C Model Setup 'the_system|acl_iface|acl_kernel_clk|kernel_pll|altera_pll_i|cyclonev_pll|counter[0].output_counter|divclk'
Slack : 2.440
TNS   : 0.000

Type  : Fast 1100mV 0C Model Setup 'the_system|acl_iface|pll|altera_pll_i|general[0].gpll~PLL_OUTPUT_COUNTER|divclk'
Slack : 6.609
TNS   : 0.000

Type  : Fast 1100mV 0C Model Setup 'fpga_clk_50'
Slack : 15.156
TNS   : 0.000

Type  : Fast 1100mV 0C Model Hold 'system:the_system|system_acl_iface:acl_iface|system_acl_iface_hps:hps|system_acl_iface_hps_hps_io:hps_io|system_acl_iface_hps_hps_io_border:border|hps_sdram:hps_sdram_inst|hps_sdram_pll:pll|afi_clk_write_clk'
Slack : 0.077
TNS   : 0.000

Type  : Fast 1100mV 0C Model Hold 'the_system|acl_iface|acl_kernel_clk|kernel_pll|altera_pll_i|cyclonev_pll|counter[1].output_counter|divclk'
Slack : 0.127
TNS   : 0.000

Type  : Fast 1100mV 0C Model Hold 'the_system|acl_iface|acl_kernel_clk|kernel_pll|altera_pll_i|cyclonev_pll|counter[0].output_counter|divclk'
Slack : 0.144
TNS   : 0.000

Type  : Fast 1100mV 0C Model Hold 'the_system|acl_iface|pll|altera_pll_i|general[0].gpll~PLL_OUTPUT_COUNTER|divclk'
Slack : 0.147
TNS   : 0.000

Type  : Fast 1100mV 0C Model Hold 'fpga_clk_50'
Slack : 0.168
TNS   : 0.000

Type  : Fast 1100mV 0C Model Recovery 'system:the_system|system_acl_iface:acl_iface|system_acl_iface_hps:hps|system_acl_iface_hps_hps_io:hps_io|system_acl_iface_hps_hps_io_border:border|hps_sdram:hps_sdram_inst|hps_sdram_pll:pll|afi_clk_write_clk'
Slack : 3.825
TNS   : 0.000

Type  : Fast 1100mV 0C Model Recovery 'the_system|acl_iface|acl_kernel_clk|kernel_pll|altera_pll_i|cyclonev_pll|counter[0].output_counter|divclk'
Slack : 5.248
TNS   : 0.000

Type  : Fast 1100mV 0C Model Recovery 'the_system|acl_iface|pll|altera_pll_i|general[0].gpll~PLL_OUTPUT_COUNTER|divclk'
Slack : 8.293
TNS   : 0.000

Type  : Fast 1100mV 0C Model Recovery 'fpga_clk_50'
Slack : 16.898
TNS   : 0.000

Type  : Fast 1100mV 0C Model Removal 'fpga_clk_50'
Slack : 0.265
TNS   : 0.000

Type  : Fast 1100mV 0C Model Removal 'the_system|acl_iface|pll|altera_pll_i|general[0].gpll~PLL_OUTPUT_COUNTER|divclk'
Slack : 0.279
TNS   : 0.000

Type  : Fast 1100mV 0C Model Removal 'the_system|acl_iface|acl_kernel_clk|kernel_pll|altera_pll_i|cyclonev_pll|counter[0].output_counter|divclk'
Slack : 0.326
TNS   : 0.000

Type  : Fast 1100mV 0C Model Removal 'system:the_system|system_acl_iface:acl_iface|system_acl_iface_hps:hps|system_acl_iface_hps_hps_io:hps_io|system_acl_iface_hps_hps_io_border:border|hps_sdram:hps_sdram_inst|hps_sdram_pll:pll|afi_clk_write_clk'
Slack : 0.473
TNS   : 0.000

Type  : Fast 1100mV 0C Model Minimum Pulse Width 'system:the_system|system_acl_iface:acl_iface|system_acl_iface_hps:hps|system_acl_iface_hps_hps_io:hps_io|system_acl_iface_hps_hps_io_border:border|hps_sdram:hps_sdram_inst|hps_sdram_pll:pll|pll_write_clk_dq_write_clk'
Slack : 0.887
TNS   : 0.000

Type  : Fast 1100mV 0C Model Minimum Pulse Width 'the_system|acl_iface|acl_kernel_clk|kernel_pll|altera_pll_i|cyclonev_pll|fpll_0|fpll|vcoph[0]'
Slack : 0.892
TNS   : 0.000

Type  : Fast 1100mV 0C Model Minimum Pulse Width 'system:the_system|system_acl_iface:acl_iface|system_acl_iface_hps:hps|system_acl_iface_hps_hps_io:hps_io|system_acl_iface_hps_hps_io_border:border|hps_sdram:hps_sdram_inst|hps_sdram_pll:pll|afi_clk_write_clk'
Slack : 0.894
TNS   : 0.000

Type  : Fast 1100mV 0C Model Minimum Pulse Width 'the_system|acl_iface|acl_kernel_clk|kernel_pll|altera_pll_i|cyclonev_pll|counter[1].output_counter|divclk'
Slack : 0.998
TNS   : 0.000

Type  : Fast 1100mV 0C Model Minimum Pulse Width 'the_system|acl_iface|pll|altera_pll_i|general[0].gpll~FRACTIONAL_PLL|vcoph[0]'
Slack : 1.666
TNS   : 0.000

Type  : Fast 1100mV 0C Model Minimum Pulse Width 'the_system|acl_iface|acl_kernel_clk|kernel_pll|altera_pll_i|cyclonev_pll|counter[0].output_counter|divclk'
Slack : 3.104
TNS   : 0.000

Type  : Fast 1100mV 0C Model Minimum Pulse Width 'the_system|acl_iface|pll|altera_pll_i|general[0].gpll~PLL_OUTPUT_COUNTER|divclk'
Slack : 3.882
TNS   : 0.000

Type  : Fast 1100mV 0C Model Minimum Pulse Width 'fpga_clk_50'
Slack : 8.433
TNS   : 0.000

Type  : Fast 1100mV 0C Model Minimum Pulse Width 'i2c_scl'
Slack : 149.286
TNS   : 0.000

------------------------------------------------------------
Info: see the "DDR report" for DDR timing results
------------------------------------------------------------
------------------------------------------------------------
